EN inst_seu NULL C:/Users/Smith/Documents/xilinx/ProcessorSmith/Inst_SEU.vhd sub00/vhpl12 1398181413
EN psr NULL H:/PSR.vhd sub00/vhpl20 1398181419
AR programcounter behavioral C:/Users/Smith/Documents/xilinx/ProcessorSmith/ProgramCounter.vhd sub00/vhpl07 1398181408
AR incrementador behavioral C:/Users/Smith/Documents/xilinx/ProcessorSmith/incrementador.vhd sub00/vhpl11 1398181412
EN incrementador NULL C:/Users/Smith/Documents/xilinx/ProcessorSmith/incrementador.vhd sub00/vhpl10 1398181411
AR inst_multiplexor21 behavioral C:/Users/Smith/Documents/xilinx/ProcessorSmith/Inst_Multiplexor21.vhd sub00/vhpl15 1398181416
EN inst_psrmodifier NULL C:/Users/Smith/Documents/xilinx/ProcessorSmith/Inst_PSRModifier.vhd sub00/vhpl16 1398181417
AR inst_psrmodifier behavioral C:/Users/Smith/Documents/xilinx/ProcessorSmith/Inst_PSRModifier.vhd sub00/vhpl17 1398181418
AR instructionmemory behavioral C:/Users/Smith/Documents/xilinx/ProcessorSmith/InstructionMemory.vhd sub00/vhpl05 1398181406
AR registerfile behavioral C:/Users/Smith/Documents/xilinx/ProcessorSmith/RegisterFile.vhd sub00/vhpl09 1398181410
AR controlunit behavioral C:/Users/Smith/Documents/xilinx/ProcessorSmith/ControlUnit.vhd sub00/vhpl03 1398181404
EN registerfile NULL C:/Users/Smith/Documents/xilinx/ProcessorSmith/RegisterFile.vhd sub00/vhpl08 1398181409
EN procesador NULL C:/Users/Smith/Documents/xilinx/ProcessorSmith/Procesador.vhd sub00/vhpl18 1398181421
EN instructionmemory NULL C:/Users/Smith/Documents/xilinx/ProcessorSmith/InstructionMemory.vhd sub00/vhpl04 1398181405
EN controlunit NULL C:/Users/Smith/Documents/xilinx/ProcessorSmith/ControlUnit.vhd sub00/vhpl02 1398181403
AR psr behavioral H:/PSR.vhd sub00/vhpl21 1398181420
EN programcounter NULL C:/Users/Smith/Documents/xilinx/ProcessorSmith/ProgramCounter.vhd sub00/vhpl06 1398181407
AR arithmeticlogicunit behavioral C:/Users/Smith/Documents/xilinx/ProcessorSmith/ArithmeticLogicUnit.vhd sub00/vhpl01 1398181402
AR inst_seu behavioral C:/Users/Smith/Documents/xilinx/ProcessorSmith/Inst_SEU.vhd sub00/vhpl13 1398181414
EN inst_multiplexor21 NULL C:/Users/Smith/Documents/xilinx/ProcessorSmith/Inst_Multiplexor21.vhd sub00/vhpl14 1398181415
EN arithmeticlogicunit NULL C:/Users/Smith/Documents/xilinx/ProcessorSmith/ArithmeticLogicUnit.vhd sub00/vhpl00 1398181401
AR procesador behavioral C:/Users/Smith/Documents/xilinx/ProcessorSmith/Procesador.vhd sub00/vhpl19 1398181422
