EN muxwindowsmanager NULL C:/Users/Smith/Documents/xilinx/ProcesadorMonoSparc8/muxWindowsManager.vhd sub00/vhpl32 1400480941
EN inst_seu NULL C:/Users/Smith/Documents/xilinx/ProcesadorMonoSparc8/Inst_SEU.vhd sub00/vhpl12 1400480921
EN windowmanager NULL C:/Users/Smith/Documents/xilinx/ProcesadorMonoSparc8/windowManager.vhd sub00/vhpl20 1400480929
AR windowmanager behavioral C:/Users/Smith/Documents/xilinx/ProcesadorMonoSparc8/windowManager.vhd sub00/vhpl21 1400480930
EN psr NULL C:/Users/Smith/Documents/xilinx/ProcesadorMonoSparc8/PSR.vhd sub00/vhpl18 1400480927
AR seu30 behavioral C:/Users/Smith/Documents/xilinx/ProcesadorMonoSparc8/SEU30.vhd sub00/vhpl25 1400480934
AR programcounter behavioral C:/Users/Smith/Documents/xilinx/ProcesadorMonoSparc8/ProgramCounter.vhd sub00/vhpl07 1400480916
AR incrementador behavioral C:/Users/Smith/Documents/xilinx/ProcesadorMonoSparc8/incrementador.vhd sub00/vhpl11 1400480920
EN incrementador NULL C:/Users/Smith/Documents/xilinx/ProcesadorMonoSparc8/incrementador.vhd sub00/vhpl10 1400480919
AR inst_multiplexor21 behavioral C:/Users/Smith/Documents/xilinx/ProcesadorMonoSparc8/Inst_Multiplexor21.vhd sub00/vhpl15 1400480924
EN inst_psrmodifier NULL C:/Users/Smith/Documents/xilinx/ProcesadorMonoSparc8/Inst_PSRModifier.vhd sub00/vhpl16 1400480925
AR inst_psrmodifier behavioral C:/Users/Smith/Documents/xilinx/ProcesadorMonoSparc8/Inst_PSRModifier.vhd sub00/vhpl17 1400480926
AR instructionmemory behavioral C:/Users/Smith/Documents/xilinx/ProcesadorMonoSparc8/InstructionMemory.vhd sub00/vhpl05 1400480914
AR registerfile behavioral C:/Users/Smith/Documents/xilinx/ProcesadorMonoSparc8/RegisterFile.vhd sub00/vhpl09 1400480918
AR controlunit behavioral C:/Users/Smith/Documents/xilinx/ProcesadorMonoSparc8/ControlUnit.vhd sub00/vhpl03 1400480912
EN registerfile NULL C:/Users/Smith/Documents/xilinx/ProcesadorMonoSparc8/RegisterFile.vhd sub00/vhpl08 1400480917
AR muxwindowsmanager behavioral C:/Users/Smith/Documents/xilinx/ProcesadorMonoSparc8/muxWindowsManager.vhd sub00/vhpl33 1400480942
EN muxpcsource NULL C:/Users/Smith/Documents/xilinx/ProcesadorMonoSparc8/muxPcSource.vhd sub00/vhpl26 1400480935
EN procesador NULL C:/Users/Smith/Documents/xilinx/ProcesadorMonoSparc8/Procesador.vhd sub00/vhpl34 1400480943
EN seu22 NULL C:/Users/Smith/Documents/xilinx/ProcesadorMonoSparc8/SEU22.vhd sub00/vhpl22 1400480931
EN seu30 NULL C:/Users/Smith/Documents/xilinx/ProcesadorMonoSparc8/SEU30.vhd sub00/vhpl24 1400480933
EN instructionmemory NULL C:/Users/Smith/Documents/xilinx/ProcesadorMonoSparc8/InstructionMemory.vhd sub00/vhpl04 1400480913
AR seu22 behavioral C:/Users/Smith/Documents/xilinx/ProcesadorMonoSparc8/SEU22.vhd sub00/vhpl23 1400480932
EN controlunit NULL C:/Users/Smith/Documents/xilinx/ProcesadorMonoSparc8/ControlUnit.vhd sub00/vhpl02 1400480911
AR datamemory behavioral C:/Users/Smith/Documents/xilinx/ProcesadorMonoSparc8/dataMemory.vhd sub00/vhpl29 1400480938
AR psr behavioral C:/Users/Smith/Documents/xilinx/ProcesadorMonoSparc8/PSR.vhd sub00/vhpl19 1400480928
EN muxdatamemory NULL C:/Users/Smith/Documents/xilinx/ProcesadorMonoSparc8/MUXDataMemory.vhd sub00/vhpl30 1400480939
AR muxdatamemory behavioral C:/Users/Smith/Documents/xilinx/ProcesadorMonoSparc8/MUXDataMemory.vhd sub00/vhpl31 1400480940
EN programcounter NULL C:/Users/Smith/Documents/xilinx/ProcesadorMonoSparc8/ProgramCounter.vhd sub00/vhpl06 1400480915
EN datamemory NULL C:/Users/Smith/Documents/xilinx/ProcesadorMonoSparc8/dataMemory.vhd sub00/vhpl28 1400480937
AR arithmeticlogicunit behavioral C:/Users/Smith/Documents/xilinx/ProcesadorMonoSparc8/ArithmeticLogicUnit.vhd sub00/vhpl01 1400480910
AR inst_seu behavioral C:/Users/Smith/Documents/xilinx/ProcesadorMonoSparc8/Inst_SEU.vhd sub00/vhpl13 1400480922
AR muxpcsource behavioral C:/Users/Smith/Documents/xilinx/ProcesadorMonoSparc8/muxPcSource.vhd sub00/vhpl27 1400480936
EN inst_multiplexor21 NULL C:/Users/Smith/Documents/xilinx/ProcesadorMonoSparc8/Inst_Multiplexor21.vhd sub00/vhpl14 1400480923
EN arithmeticlogicunit NULL C:/Users/Smith/Documents/xilinx/ProcesadorMonoSparc8/ArithmeticLogicUnit.vhd sub00/vhpl00 1400480909
AR procesador behavioral C:/Users/Smith/Documents/xilinx/ProcesadorMonoSparc8/Procesador.vhd sub00/vhpl35 1400480944
