EN inst_seu NULL C:/Users/Smith/Documents/xilinx/ProcesadorMonoSparc8/Inst_SEU.vhd sub00/vhpl12 1398789188
EN windowmanager NULL C:/Users/Smith/Documents/xilinx/ProcesadorMonoSparc8/windowManager.vhd sub00/vhpl20 1398789196
AR windowmanager behavioral C:/Users/Smith/Documents/xilinx/ProcesadorMonoSparc8/windowManager.vhd sub00/vhpl21 1398789197
EN psr NULL C:/Users/Smith/Documents/xilinx/ProcesadorMonoSparc8/PSR.vhd sub00/vhpl18 1398789194
AR programcounter behavioral C:/Users/Smith/Documents/xilinx/ProcesadorMonoSparc8/ProgramCounter.vhd sub00/vhpl07 1398789183
AR incrementador behavioral C:/Users/Smith/Documents/xilinx/ProcesadorMonoSparc8/incrementador.vhd sub00/vhpl11 1398789187
EN incrementador NULL C:/Users/Smith/Documents/xilinx/ProcesadorMonoSparc8/incrementador.vhd sub00/vhpl10 1398789186
AR inst_multiplexor21 behavioral C:/Users/Smith/Documents/xilinx/ProcesadorMonoSparc8/Inst_Multiplexor21.vhd sub00/vhpl15 1398789191
EN inst_psrmodifier NULL C:/Users/Smith/Documents/xilinx/ProcesadorMonoSparc8/Inst_PSRModifier.vhd sub00/vhpl16 1398789192
AR inst_psrmodifier behavioral C:/Users/Smith/Documents/xilinx/ProcesadorMonoSparc8/Inst_PSRModifier.vhd sub00/vhpl17 1398789193
AR instructionmemory behavioral C:/Users/Smith/Documents/xilinx/ProcesadorMonoSparc8/InstructionMemory.vhd sub00/vhpl05 1398789181
AR registerfile behavioral C:/Users/Smith/Documents/xilinx/ProcesadorMonoSparc8/RegisterFile.vhd sub00/vhpl09 1398789185
AR controlunit behavioral C:/Users/Smith/Documents/xilinx/ProcesadorMonoSparc8/ControlUnit.vhd sub00/vhpl03 1398789179
EN registerfile NULL C:/Users/Smith/Documents/xilinx/ProcesadorMonoSparc8/RegisterFile.vhd sub00/vhpl08 1398789184
EN procesador NULL C:/Users/Smith/Documents/xilinx/ProcesadorMonoSparc8/Procesador.vhd sub00/vhpl22 1398789198
EN instructionmemory NULL C:/Users/Smith/Documents/xilinx/ProcesadorMonoSparc8/InstructionMemory.vhd sub00/vhpl04 1398789180
EN controlunit NULL C:/Users/Smith/Documents/xilinx/ProcesadorMonoSparc8/ControlUnit.vhd sub00/vhpl02 1398789178
AR psr behavioral C:/Users/Smith/Documents/xilinx/ProcesadorMonoSparc8/PSR.vhd sub00/vhpl19 1398789195
EN programcounter NULL C:/Users/Smith/Documents/xilinx/ProcesadorMonoSparc8/ProgramCounter.vhd sub00/vhpl06 1398789182
AR arithmeticlogicunit behavioral C:/Users/Smith/Documents/xilinx/ProcesadorMonoSparc8/ArithmeticLogicUnit.vhd sub00/vhpl01 1398789177
AR inst_seu behavioral C:/Users/Smith/Documents/xilinx/ProcesadorMonoSparc8/Inst_SEU.vhd sub00/vhpl13 1398789189
EN inst_multiplexor21 NULL C:/Users/Smith/Documents/xilinx/ProcesadorMonoSparc8/Inst_Multiplexor21.vhd sub00/vhpl14 1398789190
EN arithmeticlogicunit NULL C:/Users/Smith/Documents/xilinx/ProcesadorMonoSparc8/ArithmeticLogicUnit.vhd sub00/vhpl00 1398789176
AR procesador behavioral C:/Users/Smith/Documents/xilinx/ProcesadorMonoSparc8/Procesador.vhd sub00/vhpl23 1398789199
