V3 71
FL C:/Users/Smith/Documents/xilinx/ProcesadorMonoSparc8/ArithmeticLogicUnit.vhd 2014/05/11.12:30:52 P.68d
EN work/ArithmeticLogicUnit 1400189193 \
      FL C:/Users/Smith/Documents/xilinx/ProcesadorMonoSparc8/ArithmeticLogicUnit.vhd \
      PB ieee/std_logic_1164 1370735607 PB ieee/STD_LOGIC_UNSIGNED 1370735609
AR work/ArithmeticLogicUnit/Behavioral 1400189194 \
      FL C:/Users/Smith/Documents/xilinx/ProcesadorMonoSparc8/ArithmeticLogicUnit.vhd \
      EN work/ArithmeticLogicUnit 1400189193
FL C:/Users/Smith/Documents/xilinx/ProcesadorMonoSparc8/ControlUnit.vhd 2014/05/15.11:41:23 P.68d
EN work/ControlUnit 1400189195 \
      FL C:/Users/Smith/Documents/xilinx/ProcesadorMonoSparc8/ControlUnit.vhd \
      PB ieee/std_logic_1164 1370735607 PB ieee/STD_LOGIC_UNSIGNED 1370735609
AR work/ControlUnit/Behavioral 1400189196 \
      FL C:/Users/Smith/Documents/xilinx/ProcesadorMonoSparc8/ControlUnit.vhd \
      EN work/ControlUnit 1400189195
FL C:/Users/Smith/Documents/xilinx/ProcesadorMonoSparc8/dataMemory.vhd 2014/05/15.16:11:15 P.68d
EN work/dataMemory 1400189221 \
      FL C:/Users/Smith/Documents/xilinx/ProcesadorMonoSparc8/dataMemory.vhd \
      PB ieee/std_logic_1164 1370735607 PB ieee/STD_LOGIC_UNSIGNED 1370735609
AR work/dataMemory/Behavioral 1400189222 \
      FL C:/Users/Smith/Documents/xilinx/ProcesadorMonoSparc8/dataMemory.vhd \
      EN work/dataMemory 1400189221
FL C:/Users/Smith/Documents/xilinx/ProcesadorMonoSparc8/incrementador.vhd 2014/04/07.17:15:44 P.68d
EN work/incrementador 1400189203 \
      FL C:/Users/Smith/Documents/xilinx/ProcesadorMonoSparc8/incrementador.vhd \
      PB ieee/std_logic_1164 1370735607 PB ieee/STD_LOGIC_UNSIGNED 1370735609
AR work/incrementador/Behavioral 1400189204 \
      FL C:/Users/Smith/Documents/xilinx/ProcesadorMonoSparc8/incrementador.vhd \
      EN work/incrementador 1400189203
FL C:/Users/Smith/Documents/xilinx/ProcesadorMonoSparc8/InstructionMemory.vhd 2014/04/07.17:12:09 P.68d
EN work/InstructionMemory 1400189197 \
      FL C:/Users/Smith/Documents/xilinx/ProcesadorMonoSparc8/InstructionMemory.vhd \
      PB ieee/std_logic_1164 1370735607 PB std/TEXTIO 1370735606 \
      PB ieee/STD_LOGIC_UNSIGNED 1370735609
AR work/InstructionMemory/Behavioral 1400189198 \
      FL C:/Users/Smith/Documents/xilinx/ProcesadorMonoSparc8/InstructionMemory.vhd \
      EN work/InstructionMemory 1400189197
FL C:/Users/Smith/Documents/xilinx/ProcesadorMonoSparc8/Inst_Multiplexor21.vhd 2014/04/01.09:36:22 P.68d
EN work/Inst_Multiplexor21 1400189207 \
      FL C:/Users/Smith/Documents/xilinx/ProcesadorMonoSparc8/Inst_Multiplexor21.vhd \
      PB ieee/std_logic_1164 1370735607
AR work/Inst_Multiplexor21/Behavioral 1400189208 \
      FL C:/Users/Smith/Documents/xilinx/ProcesadorMonoSparc8/Inst_Multiplexor21.vhd \
      EN work/Inst_Multiplexor21 1400189207
FL C:/Users/Smith/Documents/xilinx/ProcesadorMonoSparc8/Inst_PSRModifier.vhd 2014/04/22.10:43:06 P.68d
EN work/Inst_PSRModifier 1400189209 \
      FL C:/Users/Smith/Documents/xilinx/ProcesadorMonoSparc8/Inst_PSRModifier.vhd \
      PB ieee/std_logic_1164 1370735607
AR work/Inst_PSRModifier/Behavioral 1400189210 \
      FL C:/Users/Smith/Documents/xilinx/ProcesadorMonoSparc8/Inst_PSRModifier.vhd \
      EN work/Inst_PSRModifier 1400189209
FL C:/Users/Smith/Documents/xilinx/ProcesadorMonoSparc8/Inst_SEU.vhd 2014/04/01.09:54:16 P.68d
EN work/Inst_SEU 1400189205 \
      FL C:/Users/Smith/Documents/xilinx/ProcesadorMonoSparc8/Inst_SEU.vhd \
      PB ieee/std_logic_1164 1370735607
AR work/Inst_SEU/Behavioral 1400189206 \
      FL C:/Users/Smith/Documents/xilinx/ProcesadorMonoSparc8/Inst_SEU.vhd \
      EN work/Inst_SEU 1400189205
FL C:/Users/Smith/Documents/xilinx/ProcesadorMonoSparc8/MUXDataMemory.vhd 2014/05/11.11:38:33 P.68d
EN work/MUXDataMemory 1400189223 \
      FL C:/Users/Smith/Documents/xilinx/ProcesadorMonoSparc8/MUXDataMemory.vhd \
      PB ieee/std_logic_1164 1370735607
AR work/MUXDataMemory/Behavioral 1400189224 \
      FL C:/Users/Smith/Documents/xilinx/ProcesadorMonoSparc8/MUXDataMemory.vhd \
      EN work/MUXDataMemory 1400189223
FL C:/Users/Smith/Documents/xilinx/ProcesadorMonoSparc8/muxPcSource.vhd 2014/05/09.08:24:08 P.68d
EN work/muxPcSource 1400189219 \
      FL C:/Users/Smith/Documents/xilinx/ProcesadorMonoSparc8/muxPcSource.vhd \
      PB ieee/std_logic_1164 1370735607 PB ieee/STD_LOGIC_UNSIGNED 1370735609
AR work/muxPcSource/Behavioral 1400189220 \
      FL C:/Users/Smith/Documents/xilinx/ProcesadorMonoSparc8/muxPcSource.vhd \
      EN work/muxPcSource 1400189219
FL C:/Users/Smith/Documents/xilinx/ProcesadorMonoSparc8/muxWindowsManager.vhd 2014/05/15.08:36:17 P.68d
EN work/muxWindowsManager 1400189225 \
      FL C:/Users/Smith/Documents/xilinx/ProcesadorMonoSparc8/muxWindowsManager.vhd \
      PB ieee/std_logic_1164 1370735607
AR work/muxWindowsManager/Behavioral 1400189226 \
      FL C:/Users/Smith/Documents/xilinx/ProcesadorMonoSparc8/muxWindowsManager.vhd \
      EN work/muxWindowsManager 1400189225
FL C:/Users/Smith/Documents/xilinx/ProcesadorMonoSparc8/Procesador.vhd 2014/05/15.10:39:20 P.68d
EN work/Procesador 1400189227 \
      FL C:/Users/Smith/Documents/xilinx/ProcesadorMonoSparc8/Procesador.vhd \
      PB ieee/std_logic_1164 1370735607
AR work/Procesador/Behavioral 1400189228 \
      FL C:/Users/Smith/Documents/xilinx/ProcesadorMonoSparc8/Procesador.vhd \
      EN work/Procesador 1400189227 CP ArithmeticLogicUnit CP ControlUnit \
      CP InstructionMemory CP ProgramCounter CP RegisterFile CP incrementador \
      CP Inst_SEU CP Inst_Multiplexor21 CP Inst_PSRModifier CP PSR CP windowManager \
      CP SEU22 CP SEU30 CP muxPcSource CP dataMemory CP MUXDataMemory \
      CP muxWindowsManager
FL C:/Users/Smith/Documents/xilinx/ProcesadorMonoSparc8/ProgramCounter.vhd 2014/05/09.08:04:33 P.68d
EN work/ProgramCounter 1400189199 \
      FL C:/Users/Smith/Documents/xilinx/ProcesadorMonoSparc8/ProgramCounter.vhd \
      PB ieee/std_logic_1164 1370735607
AR work/ProgramCounter/Behavioral 1400189200 \
      FL C:/Users/Smith/Documents/xilinx/ProcesadorMonoSparc8/ProgramCounter.vhd \
      EN work/ProgramCounter 1400189199
FL C:/Users/Smith/Documents/xilinx/ProcesadorMonoSparc8/PSR.vhd 2014/05/11.11:54:15 P.68d
EN work/PSR 1400189211 \
      FL C:/Users/Smith/Documents/xilinx/ProcesadorMonoSparc8/PSR.vhd \
      PB ieee/std_logic_1164 1370735607
AR work/PSR/Behavioral 1400189212 \
      FL C:/Users/Smith/Documents/xilinx/ProcesadorMonoSparc8/PSR.vhd EN work/PSR 1400189211
FL C:/Users/Smith/Documents/xilinx/ProcesadorMonoSparc8/RegisterFile.vhd 2014/05/15.16:26:26 P.68d
EN work/RegisterFile 1400189201 \
      FL C:/Users/Smith/Documents/xilinx/ProcesadorMonoSparc8/RegisterFile.vhd \
      PB ieee/std_logic_1164 1370735607 PB ieee/STD_LOGIC_UNSIGNED 1370735609
AR work/RegisterFile/Behavioral 1400189202 \
      FL C:/Users/Smith/Documents/xilinx/ProcesadorMonoSparc8/RegisterFile.vhd \
      EN work/RegisterFile 1400189201
FL C:/Users/Smith/Documents/xilinx/ProcesadorMonoSparc8/SEU22.vhd 2014/05/09.08:16:26 P.68d
EN work/SEU22 1400189215 \
      FL C:/Users/Smith/Documents/xilinx/ProcesadorMonoSparc8/SEU22.vhd \
      PB ieee/std_logic_1164 1370735607
AR work/SEU22/Behavioral 1400189216 \
      FL C:/Users/Smith/Documents/xilinx/ProcesadorMonoSparc8/SEU22.vhd \
      EN work/SEU22 1400189215
FL C:/Users/Smith/Documents/xilinx/ProcesadorMonoSparc8/SEU30.vhd 2014/05/09.08:16:50 P.68d
EN work/SEU30 1400189217 \
      FL C:/Users/Smith/Documents/xilinx/ProcesadorMonoSparc8/SEU30.vhd \
      PB ieee/std_logic_1164 1370735607
AR work/SEU30/Behavioral 1400189218 \
      FL C:/Users/Smith/Documents/xilinx/ProcesadorMonoSparc8/SEU30.vhd \
      EN work/SEU30 1400189217
FL C:/Users/Smith/Documents/xilinx/ProcesadorMonoSparc8/windowManager.vhd 2014/05/11.11:55:57 P.68d
EN work/windowManager 1400189213 \
      FL C:/Users/Smith/Documents/xilinx/ProcesadorMonoSparc8/windowManager.vhd \
      PB ieee/std_logic_1164 1370735607 PB ieee/std_logic_arith 1370735608
AR work/windowManager/Behavioral 1400189214 \
      FL C:/Users/Smith/Documents/xilinx/ProcesadorMonoSparc8/windowManager.vhd \
      EN work/windowManager 1400189213
