V3 47
FL C:/Users/Smith/Documents/xilinx/ProcesadorMonoSparc8/ArithmeticLogicUnit.vhd 2014/04/29.10:53:39 P.68d
EN work/ArithmeticLogicUnit 1398789176 \
      FL C:/Users/Smith/Documents/xilinx/ProcesadorMonoSparc8/ArithmeticLogicUnit.vhd \
      PB ieee/std_logic_1164 1370735607 PB ieee/STD_LOGIC_UNSIGNED 1370735609
AR work/ArithmeticLogicUnit/Behavioral 1398789177 \
      FL C:/Users/Smith/Documents/xilinx/ProcesadorMonoSparc8/ArithmeticLogicUnit.vhd \
      EN work/ArithmeticLogicUnit 1398789176
FL C:/Users/Smith/Documents/xilinx/ProcesadorMonoSparc8/ControlUnit.vhd 2014/04/07.17:09:08 P.68d
EN work/ControlUnit 1398789178 \
      FL C:/Users/Smith/Documents/xilinx/ProcesadorMonoSparc8/ControlUnit.vhd \
      PB ieee/std_logic_1164 1370735607
AR work/ControlUnit/Behavioral 1398789179 \
      FL C:/Users/Smith/Documents/xilinx/ProcesadorMonoSparc8/ControlUnit.vhd \
      EN work/ControlUnit 1398789178
FL C:/Users/Smith/Documents/xilinx/ProcesadorMonoSparc8/incrementador.vhd 2014/04/07.17:15:44 P.68d
EN work/incrementador 1398789186 \
      FL C:/Users/Smith/Documents/xilinx/ProcesadorMonoSparc8/incrementador.vhd \
      PB ieee/std_logic_1164 1370735607 PB ieee/STD_LOGIC_UNSIGNED 1370735609
AR work/incrementador/Behavioral 1398789187 \
      FL C:/Users/Smith/Documents/xilinx/ProcesadorMonoSparc8/incrementador.vhd \
      EN work/incrementador 1398789186
FL C:/Users/Smith/Documents/xilinx/ProcesadorMonoSparc8/InstructionMemory.vhd 2014/04/07.17:12:09 P.68d
EN work/InstructionMemory 1398789180 \
      FL C:/Users/Smith/Documents/xilinx/ProcesadorMonoSparc8/InstructionMemory.vhd \
      PB ieee/std_logic_1164 1370735607 PB std/TEXTIO 1370735606 \
      PB ieee/STD_LOGIC_UNSIGNED 1370735609
AR work/InstructionMemory/Behavioral 1398789181 \
      FL C:/Users/Smith/Documents/xilinx/ProcesadorMonoSparc8/InstructionMemory.vhd \
      EN work/InstructionMemory 1398789180
FL C:/Users/Smith/Documents/xilinx/ProcesadorMonoSparc8/Inst_Multiplexor21.vhd 2014/04/01.09:36:22 P.68d
EN work/Inst_Multiplexor21 1398789190 \
      FL C:/Users/Smith/Documents/xilinx/ProcesadorMonoSparc8/Inst_Multiplexor21.vhd \
      PB ieee/std_logic_1164 1370735607
AR work/Inst_Multiplexor21/Behavioral 1398789191 \
      FL C:/Users/Smith/Documents/xilinx/ProcesadorMonoSparc8/Inst_Multiplexor21.vhd \
      EN work/Inst_Multiplexor21 1398789190
FL C:/Users/Smith/Documents/xilinx/ProcesadorMonoSparc8/Inst_PSRModifier.vhd 2014/04/22.10:43:06 P.68d
EN work/Inst_PSRModifier 1398789192 \
      FL C:/Users/Smith/Documents/xilinx/ProcesadorMonoSparc8/Inst_PSRModifier.vhd \
      PB ieee/std_logic_1164 1370735607
AR work/Inst_PSRModifier/Behavioral 1398789193 \
      FL C:/Users/Smith/Documents/xilinx/ProcesadorMonoSparc8/Inst_PSRModifier.vhd \
      EN work/Inst_PSRModifier 1398789192
FL C:/Users/Smith/Documents/xilinx/ProcesadorMonoSparc8/Inst_SEU.vhd 2014/04/01.09:54:16 P.68d
EN work/Inst_SEU 1398789188 \
      FL C:/Users/Smith/Documents/xilinx/ProcesadorMonoSparc8/Inst_SEU.vhd \
      PB ieee/std_logic_1164 1370735607
AR work/Inst_SEU/Behavioral 1398789189 \
      FL C:/Users/Smith/Documents/xilinx/ProcesadorMonoSparc8/Inst_SEU.vhd \
      EN work/Inst_SEU 1398789188
FL C:/Users/Smith/Documents/xilinx/ProcesadorMonoSparc8/Procesador.vhd 2014/04/29.09:47:44 P.68d
EN work/Procesador 1398789198 \
      FL C:/Users/Smith/Documents/xilinx/ProcesadorMonoSparc8/Procesador.vhd \
      PB ieee/std_logic_1164 1370735607
AR work/Procesador/Behavioral 1398789199 \
      FL C:/Users/Smith/Documents/xilinx/ProcesadorMonoSparc8/Procesador.vhd \
      EN work/Procesador 1398789198 CP ArithmeticLogicUnit CP ControlUnit \
      CP InstructionMemory CP ProgramCounter CP RegisterFile CP incrementador \
      CP Inst_SEU CP Inst_Multiplexor21 CP Inst_PSRModifier CP PSR CP windowManager
FL C:/Users/Smith/Documents/xilinx/ProcesadorMonoSparc8/ProgramCounter.vhd 2014/04/07.17:12:49 P.68d
EN work/ProgramCounter 1398789182 \
      FL C:/Users/Smith/Documents/xilinx/ProcesadorMonoSparc8/ProgramCounter.vhd \
      PB ieee/std_logic_1164 1370735607
AR work/ProgramCounter/Behavioral 1398789183 \
      FL C:/Users/Smith/Documents/xilinx/ProcesadorMonoSparc8/ProgramCounter.vhd \
      EN work/ProgramCounter 1398789182
FL C:/Users/Smith/Documents/xilinx/ProcesadorMonoSparc8/PSR.vhd 2014/04/29.09:51:44 P.68d
EN work/PSR 1398789194 \
      FL C:/Users/Smith/Documents/xilinx/ProcesadorMonoSparc8/PSR.vhd \
      PB ieee/std_logic_1164 1370735607
AR work/PSR/Behavioral 1398789195 \
      FL C:/Users/Smith/Documents/xilinx/ProcesadorMonoSparc8/PSR.vhd EN work/PSR 1398789194
FL C:/Users/Smith/Documents/xilinx/ProcesadorMonoSparc8/RegisterFile.vhd 2014/04/27.10:40:59 P.68d
EN work/RegisterFile 1398789184 \
      FL C:/Users/Smith/Documents/xilinx/ProcesadorMonoSparc8/RegisterFile.vhd \
      PB ieee/std_logic_1164 1370735607 PB ieee/STD_LOGIC_UNSIGNED 1370735609
AR work/RegisterFile/Behavioral 1398789185 \
      FL C:/Users/Smith/Documents/xilinx/ProcesadorMonoSparc8/RegisterFile.vhd \
      EN work/RegisterFile 1398789184
FL C:/Users/Smith/Documents/xilinx/ProcesadorMonoSparc8/windowManager.vhd 2014/04/29.11:32:50 P.68d
EN work/windowManager 1398789196 \
      FL C:/Users/Smith/Documents/xilinx/ProcesadorMonoSparc8/windowManager.vhd \
      PB ieee/std_logic_1164 1370735607 PB ieee/std_logic_arith 1370735608
AR work/windowManager/Behavioral 1398789197 \
      FL C:/Users/Smith/Documents/xilinx/ProcesadorMonoSparc8/windowManager.vhd \
      EN work/windowManager 1398789196
