V3 43
FL C:/Users/Smith/Documents/xilinx/ProcessorSmith/ArithmeticLogicUnit.vhd 2014/04/07.17:10:41 P.68d
EN work/ArithmeticLogicUnit 1398181401 \
      FL C:/Users/Smith/Documents/xilinx/ProcessorSmith/ArithmeticLogicUnit.vhd \
      PB ieee/std_logic_1164 1370735607 PB ieee/STD_LOGIC_UNSIGNED 1370735609
AR work/ArithmeticLogicUnit/Behavioral 1398181402 \
      FL C:/Users/Smith/Documents/xilinx/ProcessorSmith/ArithmeticLogicUnit.vhd \
      EN work/ArithmeticLogicUnit 1398181401
FL C:/Users/Smith/Documents/xilinx/ProcessorSmith/ControlUnit.vhd 2014/04/07.17:09:08 P.68d
EN work/ControlUnit 1398181403 \
      FL C:/Users/Smith/Documents/xilinx/ProcessorSmith/ControlUnit.vhd \
      PB ieee/std_logic_1164 1370735607
AR work/ControlUnit/Behavioral 1398181404 \
      FL C:/Users/Smith/Documents/xilinx/ProcessorSmith/ControlUnit.vhd \
      EN work/ControlUnit 1398181403
FL C:/Users/Smith/Documents/xilinx/ProcessorSmith/incrementador.vhd 2014/04/07.17:15:44 P.68d
EN work/incrementador 1398181411 \
      FL C:/Users/Smith/Documents/xilinx/ProcessorSmith/incrementador.vhd \
      PB ieee/std_logic_1164 1370735607 PB ieee/STD_LOGIC_UNSIGNED 1370735609
AR work/incrementador/Behavioral 1398181412 \
      FL C:/Users/Smith/Documents/xilinx/ProcessorSmith/incrementador.vhd \
      EN work/incrementador 1398181411
FL C:/Users/Smith/Documents/xilinx/ProcessorSmith/InstructionMemory.vhd 2014/04/07.17:12:09 P.68d
EN work/InstructionMemory 1398181405 \
      FL C:/Users/Smith/Documents/xilinx/ProcessorSmith/InstructionMemory.vhd \
      PB ieee/std_logic_1164 1370735607 PB std/TEXTIO 1370735606 \
      PB ieee/STD_LOGIC_UNSIGNED 1370735609
AR work/InstructionMemory/Behavioral 1398181406 \
      FL C:/Users/Smith/Documents/xilinx/ProcessorSmith/InstructionMemory.vhd \
      EN work/InstructionMemory 1398181405
FL C:/Users/Smith/Documents/xilinx/ProcessorSmith/Inst_Multiplexor21.vhd 2014/04/01.09:36:22 P.68d
EN work/Inst_Multiplexor21 1398181415 \
      FL C:/Users/Smith/Documents/xilinx/ProcessorSmith/Inst_Multiplexor21.vhd \
      PB ieee/std_logic_1164 1370735607
AR work/Inst_Multiplexor21/Behavioral 1398181416 \
      FL C:/Users/Smith/Documents/xilinx/ProcessorSmith/Inst_Multiplexor21.vhd \
      EN work/Inst_Multiplexor21 1398181415
FL C:/Users/Smith/Documents/xilinx/ProcessorSmith/Inst_PSRModifier.vhd 2014/04/22.10:43:06 P.68d
EN work/Inst_PSRModifier 1398181417 \
      FL C:/Users/Smith/Documents/xilinx/ProcessorSmith/Inst_PSRModifier.vhd \
      PB ieee/std_logic_1164 1370735607
AR work/Inst_PSRModifier/Behavioral 1398181418 \
      FL C:/Users/Smith/Documents/xilinx/ProcessorSmith/Inst_PSRModifier.vhd \
      EN work/Inst_PSRModifier 1398181417
FL C:/Users/Smith/Documents/xilinx/ProcessorSmith/Inst_SEU.vhd 2014/04/01.09:54:16 P.68d
EN work/Inst_SEU 1398181413 \
      FL C:/Users/Smith/Documents/xilinx/ProcessorSmith/Inst_SEU.vhd \
      PB ieee/std_logic_1164 1370735607
AR work/Inst_SEU/Behavioral 1398181414 \
      FL C:/Users/Smith/Documents/xilinx/ProcessorSmith/Inst_SEU.vhd \
      EN work/Inst_SEU 1398181413
FL C:/Users/Smith/Documents/xilinx/ProcessorSmith/Procesador.vhd 2014/04/22.10:41:47 P.68d
EN work/Procesador 1398181421 \
      FL C:/Users/Smith/Documents/xilinx/ProcessorSmith/Procesador.vhd \
      PB ieee/std_logic_1164 1370735607
AR work/Procesador/Behavioral 1398181422 \
      FL C:/Users/Smith/Documents/xilinx/ProcessorSmith/Procesador.vhd \
      EN work/Procesador 1398181421 CP ArithmeticLogicUnit CP ControlUnit \
      CP InstructionMemory CP ProgramCounter CP RegisterFile CP incrementador \
      CP Inst_SEU CP Inst_Multiplexor21 CP Inst_PSRModifier CP PSR
FL C:/Users/Smith/Documents/xilinx/ProcessorSmith/ProgramCounter.vhd 2014/04/07.17:12:49 P.68d
EN work/ProgramCounter 1398181407 \
      FL C:/Users/Smith/Documents/xilinx/ProcessorSmith/ProgramCounter.vhd \
      PB ieee/std_logic_1164 1370735607
AR work/ProgramCounter/Behavioral 1398181408 \
      FL C:/Users/Smith/Documents/xilinx/ProcessorSmith/ProgramCounter.vhd \
      EN work/ProgramCounter 1398181407
FL C:/Users/Smith/Documents/xilinx/ProcessorSmith/RegisterFile.vhd 2014/04/07.16:03:32 P.68d
EN work/RegisterFile 1398181409 \
      FL C:/Users/Smith/Documents/xilinx/ProcessorSmith/RegisterFile.vhd \
      PB ieee/std_logic_1164 1370735607 PB ieee/STD_LOGIC_UNSIGNED 1370735609
AR work/RegisterFile/Behavioral 1398181410 \
      FL C:/Users/Smith/Documents/xilinx/ProcessorSmith/RegisterFile.vhd \
      EN work/RegisterFile 1398181409
FL H:/PSR.vhd 2014/04/08.09:26:52 P.68d
EN work/PSR 1398181419 FL H:/PSR.vhd PB ieee/std_logic_1164 1370735607
AR work/PSR/Behavioral 1398181420 \
      FL H:/PSR.vhd EN work/PSR 1398181419
